Archive member included because of file (symbol)

/usr/local/gcc-arm-none-eabi-4_9-2015q3/bin/../lib/gcc/arm-none-eabi/4.9.3/../../../../arm-none-eabi/lib/armv7e-m/fpu/libg.a(lib_a-exit.o)
                              /usr/local/gcc-arm-none-eabi-4_9-2015q3/bin/../lib/gcc/arm-none-eabi/4.9.3/../../../../arm-none-eabi/lib/armv7e-m/fpu/crt0.o (exit)
/usr/local/gcc-arm-none-eabi-4_9-2015q3/bin/../lib/gcc/arm-none-eabi/4.9.3/../../../../arm-none-eabi/lib/armv7e-m/fpu/libg.a(lib_a-impure.o)
                              /usr/local/gcc-arm-none-eabi-4_9-2015q3/bin/../lib/gcc/arm-none-eabi/4.9.3/../../../../arm-none-eabi/lib/armv7e-m/fpu/libg.a(lib_a-exit.o) (_global_impure_ptr)
/usr/local/gcc-arm-none-eabi-4_9-2015q3/bin/../lib/gcc/arm-none-eabi/4.9.3/../../../../arm-none-eabi/lib/armv7e-m/fpu/libg.a(lib_a-init.o)
                              /usr/local/gcc-arm-none-eabi-4_9-2015q3/bin/../lib/gcc/arm-none-eabi/4.9.3/../../../../arm-none-eabi/lib/armv7e-m/fpu/crt0.o (__libc_init_array)
/usr/local/gcc-arm-none-eabi-4_9-2015q3/bin/../lib/gcc/arm-none-eabi/4.9.3/../../../../arm-none-eabi/lib/armv7e-m/fpu/libg.a(lib_a-memcpy.o)
                              ./Generated_Code/queue.o (memcpy)
/usr/local/gcc-arm-none-eabi-4_9-2015q3/bin/../lib/gcc/arm-none-eabi/4.9.3/../../../../arm-none-eabi/lib/armv7e-m/fpu/libg.a(lib_a-memset.o)
                              /usr/local/gcc-arm-none-eabi-4_9-2015q3/bin/../lib/gcc/arm-none-eabi/4.9.3/../../../../arm-none-eabi/lib/armv7e-m/fpu/crt0.o (memset)
/usr/local/gcc-arm-none-eabi-4_9-2015q3/bin/../lib/gcc/arm-none-eabi/4.9.3/../../../../arm-none-eabi/lib/armv7e-m/fpu/libg.a(lib_a-setjmp.o)
                              ./Generated_Code/port.o (setjmp)
/usr/local/gcc-arm-none-eabi-4_9-2015q3/bin/../lib/gcc/arm-none-eabi/4.9.3/../../../../arm-none-eabi/lib/armv7e-m/fpu/libg.a(lib_a-strchr.o)
                              ./Generated_Code/UTIL1.o (strchr)
/usr/local/gcc-arm-none-eabi-4_9-2015q3/bin/../lib/gcc/arm-none-eabi/4.9.3/../../../../arm-none-eabi/lib/armv7e-m/fpu/libg.a(lib_a-strlen.o)
                              ./Generated_Code/UTIL1.o (strlen)
/usr/local/gcc-arm-none-eabi-4_9-2015q3/bin/../lib/gcc/arm-none-eabi/4.9.3/../../../../arm-none-eabi/lib/armv7e-m/fpu/libg.a(lib_a-strncmp.o)
                              ./Generated_Code/UTIL1.o (strncmp)
/usr/local/gcc-arm-none-eabi-4_9-2015q3/bin/../lib/gcc/arm-none-eabi/4.9.3/../../../../arm-none-eabi/lib/armv7e-m/fpu/libg.a(lib_a-__call_atexit.o)
                              /usr/local/gcc-arm-none-eabi-4_9-2015q3/bin/../lib/gcc/arm-none-eabi/4.9.3/../../../../arm-none-eabi/lib/armv7e-m/fpu/libg.a(lib_a-exit.o) (__call_exitprocs)
/usr/local/gcc-arm-none-eabi-4_9-2015q3/bin/../lib/gcc/arm-none-eabi/4.9.3/../../../../arm-none-eabi/lib/armv7e-m/fpu/libg.a(lib_a-atexit.o)
                              /usr/local/gcc-arm-none-eabi-4_9-2015q3/bin/../lib/gcc/arm-none-eabi/4.9.3/../../../../arm-none-eabi/lib/armv7e-m/fpu/libg.a(lib_a-__call_atexit.o) (atexit)
/usr/local/gcc-arm-none-eabi-4_9-2015q3/bin/../lib/gcc/arm-none-eabi/4.9.3/../../../../arm-none-eabi/lib/armv7e-m/fpu/libg.a(lib_a-fini.o)
                              /usr/local/gcc-arm-none-eabi-4_9-2015q3/bin/../lib/gcc/arm-none-eabi/4.9.3/../../../../arm-none-eabi/lib/armv7e-m/fpu/libg.a(lib_a-__call_atexit.o) (__libc_fini_array)
/usr/local/gcc-arm-none-eabi-4_9-2015q3/bin/../lib/gcc/arm-none-eabi/4.9.3/../../../../arm-none-eabi/lib/armv7e-m/fpu/libg.a(lib_a-__atexit.o)
                              /usr/local/gcc-arm-none-eabi-4_9-2015q3/bin/../lib/gcc/arm-none-eabi/4.9.3/../../../../arm-none-eabi/lib/armv7e-m/fpu/libg.a(lib_a-atexit.o) (__register_exitproc)

Allocating common symbols
Common symbol       size              file

SR_reg              0x1               ./Static_Code/System/CPU_Init.o
SMasterLdd1_DeviceDataPtr
                    0x4               ./Generated_Code/SM1.o

Discarded input sections

 .text          0x00000000        0x0 /usr/local/gcc-arm-none-eabi-4_9-2015q3/bin/../lib/gcc/arm-none-eabi/4.9.3/armv7e-m/fpu/crti.o
 .data          0x00000000        0x0 /usr/local/gcc-arm-none-eabi-4_9-2015q3/bin/../lib/gcc/arm-none-eabi/4.9.3/armv7e-m/fpu/crti.o
 .bss           0x00000000        0x0 /usr/local/gcc-arm-none-eabi-4_9-2015q3/bin/../lib/gcc/arm-none-eabi/4.9.3/armv7e-m/fpu/crti.o
 .data          0x00000000        0x4 /usr/local/gcc-arm-none-eabi-4_9-2015q3/bin/../lib/gcc/arm-none-eabi/4.9.3/armv7e-m/fpu/crtbegin.o
 .text          0x00000000       0x74 /usr/local/gcc-arm-none-eabi-4_9-2015q3/bin/../lib/gcc/arm-none-eabi/4.9.3/../../../../arm-none-eabi/lib/armv7e-m/fpu/crt0.o
 .data          0x00000000        0x0 /usr/local/gcc-arm-none-eabi-4_9-2015q3/bin/../lib/gcc/arm-none-eabi/4.9.3/../../../../arm-none-eabi/lib/armv7e-m/fpu/crt0.o
 .bss           0x00000000        0x0 /usr/local/gcc-arm-none-eabi-4_9-2015q3/bin/../lib/gcc/arm-none-eabi/4.9.3/../../../../arm-none-eabi/lib/armv7e-m/fpu/crt0.o
[...]
Memory Configuration

Name             Origin             Length             Attributes
m_interrupts     0x00000000         0x00000198         xr
m_text           0x00000410         0x000ffbf0         xr
m_data_1FFF0000  0x1fff0000         0x00010000         rw
m_data           0x20000000         0x00030000         rw
m_cfmprotrom     0x00000400         0x00000010         xr
*default*        0x00000000         0xffffffff

Linker script and memory map

LOAD /usr/local/gcc-arm-none-eabi-4_9-2015q3/bin/../lib/gcc/arm-none-eabi/4.9.3/armv7e-m/fpu/crti.o
LOAD /usr/local/gcc-arm-none-eabi-4_9-2015q3/bin/../lib/gcc/arm-none-eabi/4.9.3/armv7e-m/fpu/crtbegin.o
LOAD /usr/local/gcc-arm-none-eabi-4_9-2015q3/bin/../lib/gcc/arm-none-eabi/4.9.3/../../../../arm-none-eabi/lib/armv7e-m/fpu/crt0.o
LOAD ./Static_Code/System/CPU_Init.o
LOAD ./Static_Code/System/Peripherals_Init.o
LOAD ./Static_Code/System/Vectors.o
LOAD ./Static_Code/Peripherals/ADC0_Init.o
LOAD ./Static_Code/Peripherals/ADC1_Init.o
LOAD ./Static_Code/Peripherals/AIPS0_Init.o
LOAD ./Static_Code/Peripherals/AIPS1_Init.o
LOAD ./Static_Code/Peripherals/AXBS_Init.o
LOAD ./Static_Code/Peripherals/CAN0_Init.o
LOAD ./Static_Code/Peripherals/CMP0_Init.o
LOAD ./Static_Code/Peripherals/CMP1_Init.o
LOAD ./Static_Code/Peripherals/CMP2_Init.o
LOAD ./Static_Code/Peripherals/CMT_Init.o
LOAD ./Static_Code/Peripherals/CRC_Init.o
LOAD ./Static_Code/Peripherals/DAC0_Init.o
LOAD ./Static_Code/Peripherals/DMAMUX_Init.o
LOAD ./Static_Code/Peripherals/DMA_Init.o
LOAD ./Static_Code/Peripherals/ENET_Init.o
LOAD ./Static_Code/Peripherals/EWM_Init.o
LOAD ./Static_Code/Peripherals/FB_Init.o
LOAD ./Static_Code/Peripherals/FMC_Init.o
LOAD ./Static_Code/Peripherals/FTFE_Init.o
LOAD ./Static_Code/Peripherals/FTM0_Init.o
LOAD ./Static_Code/Peripherals/FTM1_Init.o
LOAD ./Static_Code/Peripherals/FTM2_Init.o
LOAD ./Static_Code/Peripherals/FTM3_Init.o
LOAD ./Static_Code/Peripherals/I2C0_Init.o
LOAD ./Static_Code/Peripherals/I2C1_Init.o
LOAD ./Static_Code/Peripherals/I2C2_Init.o
LOAD ./Static_Code/Peripherals/I2S0_Init.o
LOAD ./Static_Code/Peripherals/LLWU_Init.o
LOAD ./Static_Code/Peripherals/LPTMR0_Init.o
LOAD ./Static_Code/Peripherals/MCM_Init.o
LOAD ./Static_Code/Peripherals/MPU_Init.o
LOAD ./Static_Code/Peripherals/NVIC_Init.o
LOAD ./Static_Code/Peripherals/PDB0_Init.o
LOAD ./Static_Code/Peripherals/PIT_Init.o
LOAD ./Static_Code/Peripherals/PMC_Init.o
LOAD ./Static_Code/Peripherals/PORTA_Init.o
LOAD ./Static_Code/Peripherals/PORTB_Init.o
LOAD ./Static_Code/Peripherals/PORTC_Init.o
LOAD ./Static_Code/Peripherals/PORTD_Init.o
LOAD ./Static_Code/Peripherals/PORTE_Init.o
LOAD ./Static_Code/Peripherals/PTA_Init.o
LOAD ./Static_Code/Peripherals/PTB_Init.o
LOAD ./Static_Code/Peripherals/PTC_Init.o
LOAD ./Static_Code/Peripherals/PTD_Init.o
LOAD ./Static_Code/Peripherals/PTE_Init.o
LOAD ./Static_Code/Peripherals/RCM_Init.o
LOAD ./Static_Code/Peripherals/RNG_Init.o
LOAD ./Static_Code/Peripherals/RTC_Init.o
LOAD ./Static_Code/Peripherals/SDHC_Init.o
LOAD ./Static_Code/Peripherals/SIM_Init.o
LOAD ./Static_Code/Peripherals/SMC_Init.o
LOAD ./Static_Code/Peripherals/SPI0_Init.o
LOAD ./Static_Code/Peripherals/SPI1_Init.o
LOAD ./Static_Code/Peripherals/SPI2_Init.o
LOAD ./Static_Code/Peripherals/SysTick_Init.o
LOAD ./Static_Code/Peripherals/SystemControl_Init.o
LOAD ./Static_Code/Peripherals/UART0_Init.o
LOAD ./Static_Code/Peripherals/UART1_Init.o
LOAD ./Static_Code/Peripherals/UART2_Init.o
LOAD ./Static_Code/Peripherals/UART3_Init.o
LOAD ./Static_Code/Peripherals/UART4_Init.o
LOAD ./Static_Code/Peripherals/UART5_Init.o
LOAD ./Static_Code/Peripherals/USB0_Init.o
LOAD ./Static_Code/Peripherals/USBDCD_Init.o
LOAD ./Static_Code/Peripherals/VREF_Init.o
LOAD ./Static_Code/Peripherals/WDOG_Init.o
LOAD ./Sources/Events.o
LOAD ./Sources/Packet.o
LOAD ./Sources/main.o
LOAD ./Project_Settings/Startup_Code/startup.o
LOAD ./Generated_Code/BitIoLdd1.o
LOAD ./Generated_Code/BitIoLdd2.o
LOAD ./Generated_Code/CE.o
LOAD ./Generated_Code/CSN.o
LOAD ./Generated_Code/Cpu.o
LOAD ./Generated_Code/ExtIntLdd1.o
LOAD ./Generated_Code/FRTOS1.o
LOAD ./Generated_Code/IRQ1.o
LOAD ./Generated_Code/PE_LDD.o
LOAD ./Generated_Code/SM1.o
LOAD ./Generated_Code/SMasterLdd1.o
LOAD ./Generated_Code/UTIL1.o
LOAD ./Generated_Code/WAIT1.o
LOAD ./Generated_Code/croutine.o
LOAD ./Generated_Code/event_groups.o
LOAD ./Generated_Code/heap_1.o
LOAD ./Generated_Code/heap_2.o
LOAD ./Generated_Code/heap_3.o
LOAD ./Generated_Code/heap_4.o
LOAD ./Generated_Code/heap_5.o
LOAD ./Generated_Code/list.o
LOAD ./Generated_Code/port.o
LOAD ./Generated_Code/queue.o
LOAD ./Generated_Code/tasks.o
LOAD ./Generated_Code/timers.o
LOAD /usr/local/gcc-arm-none-eabi-4_9-2015q3/bin/../lib/gcc/arm-none-eabi/4.9.3/../../../../arm-none-eabi/lib/armv7e-m/fpu/libstdc++.a
LOAD /usr/local/gcc-arm-none-eabi-4_9-2015q3/bin/../lib/gcc/arm-none-eabi/4.9.3/../../../../arm-none-eabi/lib/armv7e-m/fpu/libm.a
START GROUP
LOAD /usr/local/gcc-arm-none-eabi-4_9-2015q3/bin/../lib/gcc/arm-none-eabi/4.9.3/armv7e-m/fpu/libgcc.a
LOAD /usr/local/gcc-arm-none-eabi-4_9-2015q3/bin/../lib/gcc/arm-none-eabi/4.9.3/../../../../arm-none-eabi/lib/armv7e-m/fpu/libg.a
LOAD /usr/local/gcc-arm-none-eabi-4_9-2015q3/bin/../lib/gcc/arm-none-eabi/4.9.3/../../../../arm-none-eabi/lib/armv7e-m/fpu/libc.a
END GROUP
LOAD /usr/local/gcc-arm-none-eabi-4_9-2015q3/bin/../lib/gcc/arm-none-eabi/4.9.3/armv7e-m/fpu/crtend.o
LOAD /usr/local/gcc-arm-none-eabi-4_9-2015q3/bin/../lib/gcc/arm-none-eabi/4.9.3/armv7e-m/fpu/crtn.o
                0x20030000                _estack = 0x20030000
                0x20030000                __SP_INIT = _estack
                0x00000000                __heap_size = 0x0
                0x00000400                __stack_size = 0x400

.interrupts     0x00000000      0x198
                0x00000000                __vector_table = .
                0x00000000                . = ALIGN (0x4)
 *(.vectortable)
 .vectortable   0x00000000      0x198 ./Static_Code/System/Vectors.o
                0x00000000                __vect_table
                0x00000198                . = ALIGN (0x4)

.cfmprotect     0x00000400       0x10
                0x00000400                . = ALIGN (0x4)
 *(.cfmconfig)
 .cfmconfig     0x00000400       0x10 ./Static_Code/System/CPU_Init.o
                0x00000400                _cfm
                0x00000410                . = ALIGN (0x4)

.text           0x00000410     0x3c28
                0x00000410                . = ALIGN (0x4)
 *(.text)
 .text          0x00000410       0x5c /usr/local/gcc-arm-none-eabi-4_9-2015q3/bin/../lib/gcc/arm-none-eabi/4.9.3/armv7e-m/fpu/crtbegin.o
 .text          0x0000046c      0x134 /usr/local/gcc-arm-none-eabi-4_9-2015q3/bin/../lib/gcc/arm-none-eabi/4.9.3/../../../../arm-none-eabi/lib/armv7e-m/fpu/libg.a(lib_a-memcpy.o)
                0x0000046c                memcpy
 .text          0x000005a0       0x1c /usr/local/gcc-arm-none-eabi-4_9-2015q3/bin/../lib/gcc/arm-none-eabi/4.9.3/../../../../arm-none-eabi/lib/armv7e-m/fpu/libg.a(lib_a-setjmp.o)
                0x000005a0                setjmp
                0x000005ac                longjmp
 *(.text*)
 .text.CPU_SetBASEPRI
                0x000005bc       0x18 ./Static_Code/System/CPU_Init.o
                0x000005bc                CPU_SetBASEPRI
 .text.__init_hardware
                0x000005d4       0xd4 ./Static_Code/System/CPU_Init.o
                0x000005d4                __init_hardware
 .text.PE_low_level_init
                0x000006a8       0x50 ./Static_Code/System/CPU_Init.o
                0x000006a8                PE_low_level_init
 .text.CPU_GetClockGenMode
                0x000006f8       0x90 ./Static_Code/System/CPU_Init.o
                0x000006f8                CPU_GetClockGenMode
 .text.CPU_SetClockConfigGenMode
                0x00000788      0x5a8 ./Static_Code/System/CPU_Init.o
                0x00000788                CPU_SetClockConfigGenMode
 .text.UnhandledInterrupt
                0x00000d30       0x18 ./Static_Code/System/Vectors.o
                0x00000d30                UnhandledInterrupt
 .text.Cpu_OnNMI
                0x00000d48        0xc ./Sources/Events.o
                0x00000d48                Cpu_OnNMI
 .text.IRQ1_OnInterrupt
                0x00000d54       0x10 ./Sources/Events.o
                0x00000d54                IRQ1_OnInterrupt
 .text.SM1_OnRxChar
                0x00000d64        0xc ./Sources/Events.o
                0x00000d64                SM1_OnRxChar
 .text.SM1_OnTxChar
                0x00000d70        0xc ./Sources/Events.o
                0x00000d70                SM1_OnTxChar
 .text.SM1_OnFullRxBuf
                0x00000d7c        0xc ./Sources/Events.o
                0x00000d7c                SM1_OnFullRxBuf
 .text.SM1_OnFreeTxBuf
                0x00000d88        0xc ./Sources/Events.o
                0x00000d88                SM1_OnFreeTxBuf
 .text.SM1_OnError
                0x00000d94        0xc ./Sources/Events.o
                0x00000d94                SM1_OnError
 .text.FRTOS1_vApplicationStackOverflowHook
                0x00000da0       0x14 ./Sources/Events.o
                0x00000da0                FRTOS1_vApplicationStackOverflowHook
 .text.FRTOS1_vApplicationTickHook
                0x00000db4        0xc ./Sources/Events.o
                0x00000db4                FRTOS1_vApplicationTickHook
 .text.FRTOS1_vApplicationIdleHook
                0x00000dc0        0xc ./Sources/Events.o
                0x00000dc0                FRTOS1_vApplicationIdleHook
 .text.FRTOS1_vApplicationMallocFailedHook
                0x00000dcc       0x10 ./Sources/Events.o
                0x00000dcc                FRTOS1_vApplicationMallocFailedHook
 .text.SPIWriteRead
                0x00000ddc       0x5c ./Sources/main.o
 .text.SPIWriteReadBuffer
                0x00000e38       0x40 ./Sources/main.o
 .text.SPIWriteBuffer
                0x00000e78       0x34 ./Sources/main.o
 .text.nRFReadRegister
                0x00000eac       0x48 ./Sources/main.o
                0x00000eac                nRFReadRegister
 .text.nRFWriteRegister
                0x00000ef4       0x50 ./Sources/main.o
                0x00000ef4                nRFWriteRegister
 .text.nRFWrite
                0x00000f44       0x38 ./Sources/main.o
                0x00000f44                nRFWrite
 .text.nRFReadRegisterData
                0x00000f7c       0x4c ./Sources/main.o
                0x00000f7c                nRFReadRegisterData
 .text.nRFWriteRegisterData
                0x00000fc8       0x50 ./Sources/main.o
                0x00000fc8                nRFWriteRegisterData
 .text.nRFEnableDynamicPayloadLength
                0x00001018       0x28 ./Sources/main.o
                0x00001018                nRFEnableDynamicPayloadLength
 .text.nRFReadNofRxPayload
                0x00001040       0x20 ./Sources/main.o
                0x00001040                nRFReadNofRxPayload
 .text.nRFWriteFeature
                0x00001060       0x28 ./Sources/main.o
                0x00001060                nRFWriteFeature
 .text.nRFSetChannel
                0x00001088       0x24 ./Sources/main.o
                0x00001088                nRFSetChannel
 .text.nRFResetStatusIRQ
                0x000010ac       0x1c ./Sources/main.o
                0x000010ac                nRFResetStatusIRQ
 .text.nRFGetFifoStatus
                0x000010c8       0x20 ./Sources/main.o
                0x000010c8                nRFGetFifoStatus
 .text.nRFGetStatusClrIRQ
                0x000010e8       0x48 ./Sources/main.o
                0x000010e8                nRFGetStatusClrIRQ
 .text.nRFRxPayload
                0x00001130       0x38 ./Sources/main.o
                0x00001130                nRFRxPayload
 .text.CheckRx  0x00001168       0xc8 ./Sources/main.o
 .text.RADIO_PowerDown
                0x00001230       0x20 ./Sources/main.o
                0x00001230                RADIO_PowerDown
 .text.GetTxMsg
                0x00001250       0x3c ./Sources/main.o
                0x00001250                GetTxMsg
 .text.CheckTx  0x0000128c       0xa8 ./Sources/main.o
 .text.registerReader
                0x00001334      0x114 ./Sources/main.o
                0x00001334                registerReader
 .text.radioProcessor
                0x00001448      0x140 ./Sources/main.o
                0x00001448                radioProcessor
 .text.RNetTask
                0x00001588       0x38 ./Sources/main.o
 .text.wirelessInit
                0x000015c0       0x74 ./Sources/main.o
                0x000015c0                wirelessInit
 .text.main     0x00001634       0x14 ./Sources/main.o
                0x00001634                main
 .text.__flush_cache
                0x00001648       0x14 ./Project_Settings/Startup_Code/startup.o
                0x00001648                __flush_cache
 .text.__copy_rom_section
                0x0000165c       0xe4 ./Project_Settings/Startup_Code/startup.o
                0x0000165c                __copy_rom_section
 .text.__copy_rom_sections_to_ram
                0x00001740       0xc4 ./Project_Settings/Startup_Code/startup.o
                0x00001740                __copy_rom_sections_to_ram
 .text.zero_fill_bss
                0x00001804       0xb4 ./Project_Settings/Startup_Code/startup.o
 .text.__init_registers
                0x000018b8        0xc ./Project_Settings/Startup_Code/startup.o
                0x000018b8                __init_registers
 .text.__init_user
                0x000018c4        0xc ./Project_Settings/Startup_Code/startup.o
                0x000018c4                __init_user
 .text.__thumb_startup
                0x000018d0       0x48 ./Project_Settings/Startup_Code/startup.o
                0x000018d0                __thumb_startup
 .text.BitIoLdd1_Init
                0x00001918       0x80 ./Generated_Code/BitIoLdd1.o
                0x00001918                BitIoLdd1_Init
 .text.BitIoLdd1_ClrVal
                0x00001998       0x20 ./Generated_Code/BitIoLdd1.o
                0x00001998                BitIoLdd1_ClrVal
 .text.BitIoLdd1_SetVal
                0x000019b8       0x20 ./Generated_Code/BitIoLdd1.o
                0x000019b8                BitIoLdd1_SetVal
 .text.BitIoLdd2_Init
                0x000019d8       0x80 ./Generated_Code/BitIoLdd2.o
                0x000019d8                BitIoLdd2_Init
 .text.BitIoLdd2_ClrVal
                0x00001a58       0x1c ./Generated_Code/BitIoLdd2.o
                0x00001a58                BitIoLdd2_ClrVal
 .text.BitIoLdd2_SetVal
                0x00001a74       0x1c ./Generated_Code/BitIoLdd2.o
                0x00001a74                BitIoLdd2_SetVal
 .text.Components_Init
                0x00001a90       0x20 ./Generated_Code/Cpu.o
                0x00001a90                Components_Init
 .text.Cpu_INT_NMIInterrupt
                0x00001ab0       0x1c ./Generated_Code/Cpu.o
                0x00001ab0                Cpu_INT_NMIInterrupt
 .text.ExtIntLdd1_Init
                0x00001acc       0xa4 ./Generated_Code/ExtIntLdd1.o
                0x00001acc                ExtIntLdd1_Init
 .text.ExtIntLdd1_Interrupt
                0x00001b70       0x40 ./Generated_Code/ExtIntLdd1.o
                0x00001b70                ExtIntLdd1_Interrupt
 .text.ExtIntLdd1_OnInterrupt
                0x00001bb0       0x14 ./Generated_Code/IRQ1.o
                0x00001bb0                ExtIntLdd1_OnInterrupt
 .text.SM1_RecvChar
                0x00001bc4       0xcc ./Generated_Code/SM1.o
                0x00001bc4                SM1_RecvChar
 .text.SM1_SendChar
                0x00001c90       0xe4 ./Generated_Code/SM1.o
                0x00001c90                SM1_SendChar
 .text.SM1_GetCharsInRxBuf
                0x00001d74       0x18 ./Generated_Code/SM1.o
                0x00001d74                SM1_GetCharsInRxBuf
 .text.SM1_GetCharsInTxBuf
                0x00001d8c       0x18 ./Generated_Code/SM1.o
                0x00001d8c                SM1_GetCharsInTxBuf
 .text.SM1_Init
                0x00001da4       0x84 ./Generated_Code/SM1.o
                0x00001da4                SM1_Init
 .text.SMasterLdd1_OnBlockReceived
                0x00001e28       0xdc ./Generated_Code/SM1.o
                0x00001e28                SMasterLdd1_OnBlockReceived
 .text.SMasterLdd1_OnBlockSent
                0x00001f04       0xcc ./Generated_Code/SM1.o
                0x00001f04                SMasterLdd1_OnBlockSent
 .text.SMasterLdd1_Init
                0x00001fd0      0x138 ./Generated_Code/SMasterLdd1.o
                0x00001fd0                SMasterLdd1_Init
 .text.SMasterLdd1_ReceiveBlock
                0x00002108       0x40 ./Generated_Code/SMasterLdd1.o
                0x00002108                SMasterLdd1_ReceiveBlock
 .text.SMasterLdd1_SendBlock
                0x00002148       0x50 ./Generated_Code/SMasterLdd1.o
                0x00002148                SMasterLdd1_SendBlock
 .text.SMasterLdd1_Interrupt
                0x00002198      0x10c ./Generated_Code/SMasterLdd1.o
                0x00002198                SMasterLdd1_Interrupt
 .text.WAIT1_Wait10Cycles
                0x000022a4        0x8 ./Generated_Code/WAIT1.o
                0x000022a4                WAIT1_Wait10Cycles
 .text.WAIT1_Wait100Cycles
                0x000022ac       0x18 ./Generated_Code/WAIT1.o
                0x000022ac                WAIT1_Wait100Cycles
 .text.WAIT1_WaitCycles
                0x000022c4       0x34 ./Generated_Code/WAIT1.o
                0x000022c4                WAIT1_WaitCycles
 .text.pvPortMalloc
                0x000022f8      0x170 ./Generated_Code/heap_4.o
                0x000022f8                pvPortMalloc
 .text.vPortFree
                0x00002468       0x9c ./Generated_Code/heap_4.o
                0x00002468                vPortFree
 .text.prvHeapInit
                0x00002504       0xc4 ./Generated_Code/heap_4.o
 .text.prvInsertBlockIntoFreeList
                0x000025c8       0xb0 ./Generated_Code/heap_4.o
 .text.vListInitialise
                0x00002678       0x40 ./Generated_Code/list.o
                0x00002678                vListInitialise
 .text.vListInitialiseItem
                0x000026b8       0x18 ./Generated_Code/list.o
                0x000026b8                vListInitialiseItem
 .text.vListInsertEnd
                0x000026d0       0x48 ./Generated_Code/list.o
                0x000026d0                vListInsertEnd
 .text.vListInsert
                0x00002718       0x70 ./Generated_Code/list.o
                0x00002718                vListInsert
 .text.uxListRemove
                0x00002788       0x54 ./Generated_Code/list.o
                0x00002788                uxListRemove
 .text.pxPortInitialiseStack
                0x000027dc       0x60 ./Generated_Code/port.o
                0x000027dc                pxPortInitialiseStack
 .text.vPortInitTickTimer
                0x0000283c       0x40 ./Generated_Code/port.o
                0x0000283c                vPortInitTickTimer
 .text.vPortStartTickTimer
                0x0000287c       0x18 ./Generated_Code/port.o
                0x0000287c                vPortStartTickTimer
 .text.vPortStopTickTimer
                0x00002894       0x18 ./Generated_Code/port.o
                0x00002894                vPortStopTickTimer
 .text.vPortEnableVFP
                0x000028ac       0x1c ./Generated_Code/port.o
                0x000028ac                vPortEnableVFP
 .text.xPortStartScheduler
                0x000028c8       0x58 ./Generated_Code/port.o
                0x000028c8                xPortStartScheduler
 .text.vPortEnterCritical
                0x00002920       0x2c ./Generated_Code/port.o
                0x00002920                vPortEnterCritical
 .text.vPortExitCritical
                0x0000294c       0x2c ./Generated_Code/port.o
                0x0000294c                vPortExitCritical
 .text.vPortYieldFromISR
                0x00002978       0x20 ./Generated_Code/port.o
                0x00002978                vPortYieldFromISR
 .text.vPortTickHandler
                0x00002998       0x24 ./Generated_Code/port.o
                0x00002998                vPortTickHandler
 .text.vPortStartFirstTask
                0x000029bc       0x20 ./Generated_Code/port.o
                0x000029bc                vPortStartFirstTask
 .text.vPortSVCHandler
                0x000029dc       0x1c ./Generated_Code/port.o
                0x000029dc                vPortSVCHandler
 .text.vPortPendSVHandler
                0x000029f8       0x50 ./Generated_Code/port.o
                0x000029f8                vPortPendSVHandler
 .text.xQueueGenericReset
                0x00002a48       0xb4 ./Generated_Code/queue.o
                0x00002a48                xQueueGenericReset
 .text.xQueueGenericCreate
                0x00002afc       0x98 ./Generated_Code/queue.o
                0x00002afc                xQueueGenericCreate
 .text.xQueueGenericSend
                0x00002b94      0x19c ./Generated_Code/queue.o
                0x00002b94                xQueueGenericSend
 .text.xQueueGenericReceive
                0x00002d30      0x1c8 ./Generated_Code/queue.o
                0x00002d30                xQueueGenericReceive
 .text.prvCopyDataToQueue
                0x00002ef8       0xdc ./Generated_Code/queue.o
 .text.prvCopyDataFromQueue
                0x00002fd4       0x4c ./Generated_Code/queue.o
 .text.prvUnlockQueue
                0x00003020       0x98 ./Generated_Code/queue.o
 .text.prvIsQueueEmpty
                0x000030b8       0x2c ./Generated_Code/queue.o
 .text.prvIsQueueFull
                0x000030e4       0x30 ./Generated_Code/queue.o
 .text.xTaskGenericCreate
                0x00003114      0x16c ./Generated_Code/tasks.o
                0x00003114                xTaskGenericCreate
 .text.vTaskDelay
                0x00003280       0x68 ./Generated_Code/tasks.o
                0x00003280                vTaskDelay
 .text.vTaskStartScheduler
                0x000032e8       0x7c ./Generated_Code/tasks.o
                0x000032e8                vTaskStartScheduler
 .text.vTaskSuspendAll
                0x00003364       0x1c ./Generated_Code/tasks.o
                0x00003364                vTaskSuspendAll
 .text.xTaskResumeAll
                0x00003380      0x110 ./Generated_Code/tasks.o
                0x00003380                xTaskResumeAll
 .text.xTaskGetTickCount
                0x00003490       0x24 ./Generated_Code/tasks.o
                0x00003490                xTaskGetTickCount
 .text.xTaskIncrementTick
                0x000034b4      0x184 ./Generated_Code/tasks.o
                0x000034b4                xTaskIncrementTick
 .text.vTaskSwitchContext
                0x00003638       0xc8 ./Generated_Code/tasks.o
                0x00003638                vTaskSwitchContext
 .text.vTaskPlaceOnEventList
                0x00003700       0x70 ./Generated_Code/tasks.o
                0x00003700                vTaskPlaceOnEventList
 .text.xTaskRemoveFromEventList
                0x00003770       0xbc ./Generated_Code/tasks.o
                0x00003770                xTaskRemoveFromEventList
 .text.vTaskSetTimeOutState
                0x0000382c       0x3c ./Generated_Code/tasks.o
                0x0000382c                vTaskSetTimeOutState
 .text.xTaskCheckForTimeOut
                0x00003868       0xa8 ./Generated_Code/tasks.o
                0x00003868                xTaskCheckForTimeOut
 .text.vTaskMissedYield
                0x00003910       0x18 ./Generated_Code/tasks.o
                0x00003910                vTaskMissedYield
 .text.prvIdleTask
                0x00003928       0x24 ./Generated_Code/tasks.o
 .text.prvInitialiseTCBVariables
                0x0000394c       0xa4 ./Generated_Code/tasks.o
 .text.prvInitialiseTaskLists
                0x000039f0       0x74 ./Generated_Code/tasks.o
 .text.prvCheckTasksWaitingTermination
                0x00003a64        0xc ./Generated_Code/tasks.o
 .text.prvAddCurrentTaskToDelayedList
                0x00003a70       0x6c ./Generated_Code/tasks.o
 .text.prvAllocateTCBAndStack
                0x00003adc       0x70 ./Generated_Code/tasks.o
 .text.prvResetNextTaskUnblockTime
                0x00003b4c       0x48 ./Generated_Code/tasks.o
 .text.xTaskGetSchedulerState
                0x00003b94       0x3c ./Generated_Code/tasks.o
                0x00003b94                xTaskGetSchedulerState
 .text.vTaskPriorityInherit
                0x00003bd0       0xbc ./Generated_Code/tasks.o
                0x00003bd0                vTaskPriorityInherit
 .text.xTaskPriorityDisinherit
                0x00003c8c       0xc4 ./Generated_Code/tasks.o
                0x00003c8c                xTaskPriorityDisinherit
 .text.pvTaskIncrementMutexHeldCount
                0x00003d50       0x28 ./Generated_Code/tasks.o
                0x00003d50                pvTaskIncrementMutexHeldCount
 .text.memset   0x00003d78       0x9c /usr/local/gcc-arm-none-eabi-4_9-2015q3/bin/../lib/gcc/arm-none-eabi/4.9.3/../../../../arm-none-eabi/lib/armv7e-m/fpu/libg.a(lib_a-memset.o)
                0x00003d78                memset
 .text.startup.register_fini
                0x00003e14       0x14 /usr/local/gcc-arm-none-eabi-4_9-2015q3/bin/../lib/gcc/arm-none-eabi/4.9.3/../../../../arm-none-eabi/lib/armv7e-m/fpu/libg.a(lib_a-__call_atexit.o)
 .text.atexit   0x00003e28        0xc /usr/local/gcc-arm-none-eabi-4_9-2015q3/bin/../lib/gcc/arm-none-eabi/4.9.3/../../../../arm-none-eabi/lib/armv7e-m/fpu/libg.a(lib_a-atexit.o)
                0x00003e28                atexit
 .text.__libc_fini_array
                0x00003e34       0x2c /usr/local/gcc-arm-none-eabi-4_9-2015q3/bin/../lib/gcc/arm-none-eabi/4.9.3/../../../../arm-none-eabi/lib/armv7e-m/fpu/libg.a(lib_a-fini.o)
                0x00003e34                __libc_fini_array
 .text.__register_exitproc
                0x00003e60       0xa4 /usr/local/gcc-arm-none-eabi-4_9-2015q3/bin/../lib/gcc/arm-none-eabi/4.9.3/../../../../arm-none-eabi/lib/armv7e-m/fpu/libg.a(lib_a-__atexit.o)
                0x00003e60                __register_exitproc
 *(.rodata)
 .rodata        0x00003f04        0x5 ./Sources/main.o
 *fill*         0x00003f09        0x3 
 .rodata        0x00003f0c        0x5 ./Generated_Code/tasks.o
 *(.rodata*)
 *fill*         0x00003f11        0x3 
 .rodata.ClockGenModeMatrix
                0x00003f14       0x80 ./Static_Code/System/CPU_Init.o
 .rodata.CPU_ClockConfigDescriptors
                0x00003f94       0x1c ./Static_Code/System/CPU_Init.o
 .rodata.CPU_DefaultFEI
                0x00003fb0        0x7 ./Static_Code/System/CPU_Init.o
 *fill*         0x00003fb7        0x1 
 .rodata.CPU_DefaultFBI
                0x00003fb8        0x7 ./Static_Code/System/CPU_Init.o
 *fill*         0x00003fbf        0x1 
 .rodata.CPU_DefaultBLPI
                0x00003fc0        0x7 ./Static_Code/System/CPU_Init.o
 *fill*         0x00003fc7        0x1 
 .rodata.CPU_DefaultFEE
                0x00003fc8        0x7 ./Static_Code/System/CPU_Init.o
 *fill*         0x00003fcf        0x1 
 .rodata.CPU_DefaultFBE
                0x00003fd0        0x7 ./Static_Code/System/CPU_Init.o
 *fill*         0x00003fd7        0x1 
 .rodata.CPU_DefaultBLPE
                0x00003fd8        0x7 ./Static_Code/System/CPU_Init.o
 *fill*         0x00003fdf        0x1 
 .rodata.CPU_DefaultPBE
                0x00003fe0        0x7 ./Static_Code/System/CPU_Init.o
 *fill*         0x00003fe7        0x1 
 .rodata.CPU_DefaultPEE
                0x00003fe8        0x7 ./Static_Code/System/CPU_Init.o
 *fill*         0x00003fef        0x1 
 .rodata.CPU_ClockGenModeRegs
                0x00003ff0       0x20 ./Static_Code/System/CPU_Init.o
 .rodata.RADIO_TADDR.7548
                0x00004010        0x5 ./Sources/main.o
 *fill*         0x00004015        0x3 
 .rodata.str1.4
                0x00004018        0x4 /usr/local/gcc-arm-none-eabi-4_9-2015q3/bin/../lib/gcc/arm-none-eabi/4.9.3/../../../../arm-none-eabi/lib/armv7e-m/fpu/libg.a(lib_a-impure.o)
                                  0x2 (size before relaxing)
 .rodata._global_impure_ptr
                0x0000401c        0x4 /usr/local/gcc-arm-none-eabi-4_9-2015q3/bin/../lib/gcc/arm-none-eabi/4.9.3/../../../../arm-none-eabi/lib/armv7e-m/fpu/libg.a(lib_a-impure.o)
                0x0000401c                _global_impure_ptr
 *(.glue_7)
 .glue_7        0x00000000        0x0 linker stubs
 *(.glue_7t)
 .glue_7t       0x00000000        0x0 linker stubs
 *(.eh_frame)
 .eh_frame      0x00004020        0x0 /usr/local/gcc-arm-none-eabi-4_9-2015q3/bin/../lib/gcc/arm-none-eabi/4.9.3/armv7e-m/fpu/crtbegin.o
 *(.init)
 .init          0x00004020        0x4 /usr/local/gcc-arm-none-eabi-4_9-2015q3/bin/../lib/gcc/arm-none-eabi/4.9.3/armv7e-m/fpu/crti.o
                0x00004020                _init
 .init          0x00004024        0x8 /usr/local/gcc-arm-none-eabi-4_9-2015q3/bin/../lib/gcc/arm-none-eabi/4.9.3/armv7e-m/fpu/crtn.o
 *(.fini)
 .fini          0x0000402c        0x4 /usr/local/gcc-arm-none-eabi-4_9-2015q3/bin/../lib/gcc/arm-none-eabi/4.9.3/armv7e-m/fpu/crti.o
                0x0000402c                _fini
 .fini          0x00004030        0x8 /usr/local/gcc-arm-none-eabi-4_9-2015q3/bin/../lib/gcc/arm-none-eabi/4.9.3/armv7e-m/fpu/crtn.o
                0x00004038                . = ALIGN (0x4)
                0x00004038                _etext = .

.vfp11_veneer   0x00004038        0x0
 .vfp11_veneer  0x00000000        0x0 linker stubs

.v4_bx          0x00004038        0x0
 .v4_bx         0x00000000        0x0 linker stubs

.iplt           0x00004038        0x0
 .iplt          0x00000000        0x0 /usr/local/gcc-arm-none-eabi-4_9-2015q3/bin/../lib/gcc/arm-none-eabi/4.9.3/armv7e-m/fpu/crtbegin.o

.rel.dyn        0x00004038        0x0
 .rel.iplt      0x00000000        0x0 /usr/local/gcc-arm-none-eabi-4_9-2015q3/bin/../lib/gcc/arm-none-eabi/4.9.3/armv7e-m/fpu/crtbegin.o

.ARM.extab
 *(.ARM.extab* .gnu.linkonce.armextab.*)

.ARM            0x00004038        0x0
                0x00004038                __exidx_start = .
 *(.ARM.exidx*)
                0x00004038                __exidx_end = .

.ctors          0x00004038        0x0
                0x00004038                __CTOR_LIST__ = .
 *crtbegin.o(.ctors)
 *(EXCLUDE_FILE(*crtend.o) .ctors)
 *(SORT(.ctors.*))
 *(.ctors)
                0x00004038                __CTOR_END__ = .

.dtors          0x00004038        0x0
                0x00004038                __DTOR_LIST__ = .
 *crtbegin.o(.dtors)
 *(EXCLUDE_FILE(*crtend.o) .dtors)
 *(SORT(.dtors.*))
 *(.dtors)
                0x00004038                __DTOR_END__ = .

.preinit_array  0x00004038        0x0
                0x00004038                PROVIDE (__preinit_array_start, .)
 *(.preinit_array*)
                0x00004038                PROVIDE (__preinit_array_end, .)

.init_array     0x00004038        0x8
                0x00004038                PROVIDE (__init_array_start, .)
 *(SORT(.init_array.*))
 .init_array.00000
                0x00004038        0x4 /usr/local/gcc-arm-none-eabi-4_9-2015q3/bin/../lib/gcc/arm-none-eabi/4.9.3/../../../../arm-none-eabi/lib/armv7e-m/fpu/libg.a(lib_a-__call_atexit.o)
 *(.init_array*)
 .init_array    0x0000403c        0x4 /usr/local/gcc-arm-none-eabi-4_9-2015q3/bin/../lib/gcc/arm-none-eabi/4.9.3/armv7e-m/fpu/crtbegin.o
                0x00004040                PROVIDE (__init_array_end, .)

.fini_array     0x00004040        0x4
                0x00004040                PROVIDE (__fini_array_start, .)
 *(SORT(.fini_array.*))
 *(.fini_array*)
 .fini_array    0x00004040        0x4 /usr/local/gcc-arm-none-eabi-4_9-2015q3/bin/../lib/gcc/arm-none-eabi/4.9.3/armv7e-m/fpu/crtbegin.o
                0x00004044                PROVIDE (__fini_array_end, .)
                0x00004044                ___ROM_AT = .

.data           0x20000000      0x430 load address 0x00004044
                0x20000000                . = ALIGN (0x4)
                0x20000000                _sdata = .
 *(.data)
 *(.data*)
 .data.uxCriticalNesting
                0x20000000        0x4 ./Generated_Code/port.o
 *fill*         0x20000004        0x4 
 .data.impure_data
                0x20000008      0x428 /usr/local/gcc-arm-none-eabi-4_9-2015q3/bin/../lib/gcc/arm-none-eabi/4.9.3/../../../../arm-none-eabi/lib/armv7e-m/fpu/libg.a(lib_a-impure.o)
                0x20000430                . = ALIGN (0x4)
                0x20000430                _edata = .
                0x00000430                ___data_size = (_edata - _sdata)
                0x00004474                ___m_data_1FFF0000_ROMStart = (___ROM_AT + SIZEOF (.data))

.jcr            0x20000430        0x0 load address 0x00004474
 .jcr           0x20000430        0x0 /usr/local/gcc-arm-none-eabi-4_9-2015q3/bin/../lib/gcc/arm-none-eabi/4.9.3/armv7e-m/fpu/crtbegin.o

.igot.plt       0x20000430        0x0 load address 0x00004474
 .igot.plt      0x00000000        0x0 /usr/local/gcc-arm-none-eabi-4_9-2015q3/bin/../lib/gcc/arm-none-eabi/4.9.3/armv7e-m/fpu/crtbegin.o

.m_data_1FFF0000
                0x1fff0000        0x0 load address 0x00004474
                0x1fff0000                . = ALIGN (0x4)
                0x1fff0000                ___m_data_1FFF0000_RAMStart = .
 *(.m_data_1FFF0000)
                0x1fff0000                ___m_data_1FFF0000_RAMEnd = .
                0x1fff0000                . = ALIGN (0x4)
                0x00000000                ___m_data_1FFF0000_ROMSize = (___m_data_1FFF0000_RAMEnd - ___m_data_1FFF0000_RAMStart)
                0x1fff0000                . = ALIGN (0x4)

.bss            0x20000430     0x50a4 load address 0x00004474
                0x20000430                __START_BSS = .
                0x20000430                PROVIDE (__bss_start__, __START_BSS)
 *(.bss)
 .bss           0x20000430       0x1c /usr/local/gcc-arm-none-eabi-4_9-2015q3/bin/../lib/gcc/arm-none-eabi/4.9.3/armv7e-m/fpu/crtbegin.o
 *(.bss*)
 .bss.SR_lock   0x2000044c        0x1 ./Static_Code/System/CPU_Init.o
                0x2000044c                SR_lock
 *fill*         0x2000044d        0x3 
 .bss.MsgRxQueueHandle
                0x20000450        0x4 ./Sources/main.o
 .bss.MsgTxQueueHandle
                0x20000454        0x4 ./Sources/main.o
 .bss.argv      0x20000458       0x28 ./Project_Settings/Startup_Code/startup.o
 .bss.DeviceDataPrv__DEFAULT_RTOS_ALLOC
                0x20000480        0x4 ./Generated_Code/BitIoLdd1.o
 .bss.DeviceDataPrv__DEFAULT_RTOS_ALLOC
                0x20000484        0x4 ./Generated_Code/BitIoLdd2.o
 .bss.DeviceDataPrv__DEFAULT_RTOS_ALLOC
                0x20000488        0x4 ./Generated_Code/ExtIntLdd1.o
 .bss.INT_PORTC__BAREBOARD_RTOS_ISRPARAM
                0x2000048c        0x4 ./Generated_Code/ExtIntLdd1.o
 .bss.PE_LDD_DeviceDataList
                0x20000490       0x10 ./Generated_Code/PE_LDD.o
                0x20000490                PE_LDD_DeviceDataList
 .bss.SerFlag   0x200004a0        0x1 ./Generated_Code/SM1.o
 .bss.ErrFlag   0x200004a1        0x1 ./Generated_Code/SM1.o
 .bss.SM1_InpLen
                0x200004a2        0x2 ./Generated_Code/SM1.o
 .bss.InpIndexR
                0x200004a4        0x1 ./Generated_Code/SM1.o
 .bss.InpIndexW
                0x200004a5        0x1 ./Generated_Code/SM1.o
 *fill*         0x200004a6        0x2 
 .bss.InpBuffer
                0x200004a8       0x30 ./Generated_Code/SM1.o
 .bss.BufferRead
                0x200004d8        0x1 ./Generated_Code/SM1.o
 *fill*         0x200004d9        0x1 
 .bss.SM1_OutLen
                0x200004da        0x2 ./Generated_Code/SM1.o
 .bss.OutIndexR
                0x200004dc        0x1 ./Generated_Code/SM1.o
 .bss.OutIndexW
                0x200004dd        0x1 ./Generated_Code/SM1.o
 *fill*         0x200004de        0x2 
 .bss.OutBuffer
                0x200004e0       0x30 ./Generated_Code/SM1.o
 .bss.OnFreeTxBufSemaphore
                0x20000510        0x1 ./Generated_Code/SM1.o
 *fill*         0x20000511        0x3 
 .bss.DeviceDataPrv__DEFAULT_RTOS_ALLOC
                0x20000514       0x20 ./Generated_Code/SMasterLdd1.o
 .bss.INT_SPI1__BAREBOARD_RTOS_ISRPARAM
                0x20000534        0x4 ./Generated_Code/SMasterLdd1.o
 .bss.ucHeap    0x20000538     0x4e20 ./Generated_Code/heap_4.o
 .bss.xStart    0x20005358        0x8 ./Generated_Code/heap_4.o
 .bss.pxEnd     0x20005360        0x4 ./Generated_Code/heap_4.o
 .bss.xFreeBytesRemaining
                0x20005364        0x4 ./Generated_Code/heap_4.o
 .bss.xMinimumEverFreeBytesRemaining
                0x20005368        0x4 ./Generated_Code/heap_4.o
 .bss.xBlockAllocatedBit
                0x2000536c        0x4 ./Generated_Code/heap_4.o
 .bss.xJumpBuf  0x20005370       0x5c ./Generated_Code/port.o
 .bss.pxCurrentTCB
                0x200053cc        0x4 ./Generated_Code/tasks.o
                0x200053cc                pxCurrentTCB
 .bss.pxReadyTasksLists
                0x200053d0       0x78 ./Generated_Code/tasks.o
 .bss.xDelayedTaskList1
                0x20005448       0x14 ./Generated_Code/tasks.o
 .bss.xDelayedTaskList2
                0x2000545c       0x14 ./Generated_Code/tasks.o
 .bss.pxDelayedTaskList
                0x20005470        0x4 ./Generated_Code/tasks.o
 .bss.pxOverflowDelayedTaskList
                0x20005474        0x4 ./Generated_Code/tasks.o
 .bss.xPendingReadyList
                0x20005478       0x14 ./Generated_Code/tasks.o
 .bss.xSuspendedTaskList
                0x2000548c       0x14 ./Generated_Code/tasks.o
 .bss.xIdleTaskHandle
                0x200054a0        0x4 ./Generated_Code/tasks.o
 .bss.uxCurrentNumberOfTasks
                0x200054a4        0x4 ./Generated_Code/tasks.o
 .bss.xTickCount
                0x200054a8        0x4 ./Generated_Code/tasks.o
 .bss.uxTopReadyPriority
                0x200054ac        0x4 ./Generated_Code/tasks.o
 .bss.xSchedulerRunning
                0x200054b0        0x4 ./Generated_Code/tasks.o
 .bss.uxPendedTicks
                0x200054b4        0x4 ./Generated_Code/tasks.o
 .bss.xYieldPending
                0x200054b8        0x4 ./Generated_Code/tasks.o
 .bss.xNumOfOverflows
                0x200054bc        0x4 ./Generated_Code/tasks.o
 .bss.uxTaskNumber
                0x200054c0        0x4 ./Generated_Code/tasks.o
 .bss.xNextTaskUnblockTime
                0x200054c4        0x4 ./Generated_Code/tasks.o
 .bss.uxSchedulerSuspended
                0x200054c8        0x4 ./Generated_Code/tasks.o
 *(COMMON)
 COMMON         0x200054cc        0x1 ./Static_Code/System/CPU_Init.o
                0x200054cc                SR_reg
 *fill*         0x200054cd        0x3 
 COMMON         0x200054d0        0x4 ./Generated_Code/SM1.o
                0x200054d0                SMasterLdd1_DeviceDataPtr
                0x200054d4                . = ALIGN (0x4)
                0x200054d4                __END_BSS = .
                0x200054d4                PROVIDE (__bss_end__, __END_BSS)
                0x00004474                _romp_at = ((___ROM_AT + SIZEOF (.data)) + SIZEOF (.m_data_1FFF0000))

.romp           0x200054d4       0x24 load address 0x00004474
                0x00004474                __S_romp = _romp_at
                0x200054d4        0x4 LONG 0x4044 ___ROM_AT
                0x200054d8        0x4 LONG 0x20000000 _sdata
                0x200054dc        0x4 LONG 0x430 ___data_size
                0x200054e0        0x4 LONG 0x4474 ___m_data_1FFF0000_ROMStart
                0x200054e4        0x4 LONG 0x1fff0000 ___m_data_1FFF0000_RAMStart
                0x200054e8        0x4 LONG 0x0 ___m_data_1FFF0000_ROMSize
                0x200054ec        0x4 LONG 0x0
                0x200054f0        0x4 LONG 0x0
                0x200054f4        0x4 LONG 0x0

._user_heap_stack
                0x200054f8      0x400 load address 0x00004498
                0x200054f8                . = ALIGN (0x4)
                0x200054f8                PROVIDE (end, .)
                0x200054f8                PROVIDE (_end, .)
                0x200054f8                __heap_addr = .
                0x200054f8                . = (. + __heap_size)
                0x200058f8                . = (. + __stack_size)
 *fill*         0x200054f8      0x400 
                0x200058f8                . = ALIGN (0x4)

.ARM.attributes
                0x00000000       0x30
 *(.ARM.attributes)
 .ARM.attributes
                0x00000000       0x22 /usr/local/gcc-arm-none-eabi-4_9-2015q3/bin/../lib/gcc/arm-none-eabi/4.9.3/armv7e-m/fpu/crti.o
 .ARM.attributes
                0x00000022       0x34 /usr/local/gcc-arm-none-eabi-4_9-2015q3/bin/../lib/gcc/arm-none-eabi/4.9.3/armv7e-m/fpu/crtbegin.o
 .ARM.attributes
                0x00000056       0x39 ./Static_Code/System/CPU_Init.o
 .ARM.attributes
                0x0000008f       0x39 ./Static_Code/System/Vectors.o
 .ARM.attributes
                0x000000c8       0x39 ./Sources/Events.o
 .ARM.attributes
                0x00000101       0x39 ./Sources/main.o
 .ARM.attributes
                0x0000013a       0x39 ./Project_Settings/Startup_Code/startup.o
 .ARM.attributes
                0x00000173       0x39 ./Generated_Code/BitIoLdd1.o
 .ARM.attributes
                0x000001ac       0x39 ./Generated_Code/BitIoLdd2.o
 .ARM.attributes
                0x000001e5       0x39 ./Generated_Code/Cpu.o
 .ARM.attributes
                0x0000021e       0x39 ./Generated_Code/ExtIntLdd1.o
 .ARM.attributes
                0x00000257       0x39 ./Generated_Code/IRQ1.o
 .ARM.attributes
                0x00000290       0x39 ./Generated_Code/PE_LDD.o
 .ARM.attributes
                0x000002c9       0x39 ./Generated_Code/SM1.o
 .ARM.attributes
                0x00000302       0x39 ./Generated_Code/SMasterLdd1.o
 .ARM.attributes
                0x0000033b       0x39 ./Generated_Code/WAIT1.o
 .ARM.attributes
                0x00000374       0x39 ./Generated_Code/heap_4.o
 .ARM.attributes
                0x000003ad       0x39 ./Generated_Code/list.o
 .ARM.attributes
                0x000003e6       0x39 ./Generated_Code/port.o
 .ARM.attributes
                0x0000041f       0x39 ./Generated_Code/queue.o
 .ARM.attributes
                0x00000458       0x39 ./Generated_Code/tasks.o
 .ARM.attributes
                0x00000491       0x34 /usr/local/gcc-arm-none-eabi-4_9-2015q3/bin/../lib/gcc/arm-none-eabi/4.9.3/../../../../arm-none-eabi/lib/armv7e-m/fpu/libg.a(lib_a-impure.o)
 .ARM.attributes
                0x000004c5       0x20 /usr/local/gcc-arm-none-eabi-4_9-2015q3/bin/../lib/gcc/arm-none-eabi/4.9.3/../../../../arm-none-eabi/lib/armv7e-m/fpu/libg.a(lib_a-memcpy.o)
 .ARM.attributes
                0x000004e5       0x34 /usr/local/gcc-arm-none-eabi-4_9-2015q3/bin/../lib/gcc/arm-none-eabi/4.9.3/../../../../arm-none-eabi/lib/armv7e-m/fpu/libg.a(lib_a-memset.o)
 .ARM.attributes
                0x00000519       0x20 /usr/local/gcc-arm-none-eabi-4_9-2015q3/bin/../lib/gcc/arm-none-eabi/4.9.3/../../../../arm-none-eabi/lib/armv7e-m/fpu/libg.a(lib_a-setjmp.o)
 .ARM.attributes
                0x00000539       0x34 /usr/local/gcc-arm-none-eabi-4_9-2015q3/bin/../lib/gcc/arm-none-eabi/4.9.3/../../../../arm-none-eabi/lib/armv7e-m/fpu/libg.a(lib_a-__call_atexit.o)
 .ARM.attributes
                0x0000056d       0x34 /usr/local/gcc-arm-none-eabi-4_9-2015q3/bin/../lib/gcc/arm-none-eabi/4.9.3/../../../../arm-none-eabi/lib/armv7e-m/fpu/libg.a(lib_a-atexit.o)
 .ARM.attributes
                0x000005a1       0x34 /usr/local/gcc-arm-none-eabi-4_9-2015q3/bin/../lib/gcc/arm-none-eabi/4.9.3/../../../../arm-none-eabi/lib/armv7e-m/fpu/libg.a(lib_a-fini.o)
 .ARM.attributes
                0x000005d5       0x34 /usr/local/gcc-arm-none-eabi-4_9-2015q3/bin/../lib/gcc/arm-none-eabi/4.9.3/../../../../arm-none-eabi/lib/armv7e-m/fpu/libg.a(lib_a-__atexit.o)
 .ARM.attributes
                0x00000609       0x22 /usr/local/gcc-arm-none-eabi-4_9-2015q3/bin/../lib/gcc/arm-none-eabi/4.9.3/armv7e-m/fpu/crtn.o
OUTPUT(FRDMK64F-Radio-Transmitter.elf elf32-littlearm)

.debug_info     0x00000000     0x695f
 .debug_info    0x00000000      0xb45 ./Static_Code/System/CPU_Init.o
 .debug_info    0x00000b45      0x825 ./Static_Code/System/Vectors.o
 .debug_info    0x0000136a      0x174 ./Sources/Events.o
 .debug_info    0x000014de      0x94e ./Sources/main.o
 .debug_info    0x00001e2c      0x308 ./Project_Settings/Startup_Code/startup.o
 .debug_info    0x00002134      0x511 ./Generated_Code/BitIoLdd1.o
 .debug_info    0x00002645      0x511 ./Generated_Code/BitIoLdd2.o
 .debug_info    0x00002b56       0xa7 ./Generated_Code/Cpu.o
 .debug_info    0x00002bfd      0x5fc ./Generated_Code/ExtIntLdd1.o
 .debug_info    0x000031f9       0xb2 ./Generated_Code/IRQ1.o
 .debug_info    0x000032ab      0x251 ./Generated_Code/PE_LDD.o
 .debug_info    0x000034fc      0x55a ./Generated_Code/SM1.o
 .debug_info    0x00003a56      0x804 ./Generated_Code/SMasterLdd1.o
 .debug_info    0x0000425a      0x148 ./Generated_Code/WAIT1.o
 .debug_info    0x000043a2      0x305 ./Generated_Code/heap_4.o
 .debug_info    0x000046a7      0x2a8 ./Generated_Code/list.o
 .debug_info    0x0000494f      0x287 ./Generated_Code/port.o
 .debug_info    0x00004bd6      0xab3 ./Generated_Code/queue.o
 .debug_info    0x00005689     0x12d6 ./Generated_Code/tasks.o

.debug_abbrev   0x00000000     0x17bc
 .debug_abbrev  0x00000000      0x1bf ./Static_Code/System/CPU_Init.o
 .debug_abbrev  0x000001bf       0xd8 ./Static_Code/System/Vectors.o
 .debug_abbrev  0x00000297       0x8b ./Sources/Events.o
 .debug_abbrev  0x00000322      0x242 ./Sources/main.o
 .debug_abbrev  0x00000564      0x148 ./Project_Settings/Startup_Code/startup.o
 .debug_abbrev  0x000006ac      0x15d ./Generated_Code/BitIoLdd1.o
 .debug_abbrev  0x00000809      0x15d ./Generated_Code/BitIoLdd2.o
 .debug_abbrev  0x00000966       0x45 ./Generated_Code/Cpu.o
 .debug_abbrev  0x000009ab      0x15d ./Generated_Code/ExtIntLdd1.o
 .debug_abbrev  0x00000b08       0x68 ./Generated_Code/IRQ1.o
 .debug_abbrev  0x00000b70      0x10d ./Generated_Code/PE_LDD.o
 .debug_abbrev  0x00000c7d      0x1fc ./Generated_Code/SM1.o
 .debug_abbrev  0x00000e79      0x1ba ./Generated_Code/SMasterLdd1.o
 .debug_abbrev  0x00001033       0xb1 ./Generated_Code/WAIT1.o
 .debug_abbrev  0x000010e4      0x15b ./Generated_Code/heap_4.o
 .debug_abbrev  0x0000123f       0xc1 ./Generated_Code/list.o
 .debug_abbrev  0x00001300      0x10c ./Generated_Code/port.o
 .debug_abbrev  0x0000140c      0x160 ./Generated_Code/queue.o
 .debug_abbrev  0x0000156c      0x250 ./Generated_Code/tasks.o

.debug_aranges  0x00000000      0xb10
 .debug_aranges
                0x00000000       0x40 ./Static_Code/System/CPU_Init.o
 .debug_aranges
                0x00000040      0x340 ./Static_Code/System/Vectors.o
 .debug_aranges
                0x00000380       0x70 ./Sources/Events.o
 .debug_aranges
                0x000003f0      0x100 ./Sources/main.o
 .debug_aranges
                0x000004f0       0x60 ./Project_Settings/Startup_Code/startup.o
 .debug_aranges
                0x00000550       0x40 ./Generated_Code/BitIoLdd1.o
 .debug_aranges
                0x00000590       0x40 ./Generated_Code/BitIoLdd2.o
 .debug_aranges
                0x000005d0       0x28 ./Generated_Code/Cpu.o
 .debug_aranges
                0x000005f8       0x30 ./Generated_Code/ExtIntLdd1.o
 .debug_aranges
                0x00000628       0x20 ./Generated_Code/IRQ1.o
 .debug_aranges
                0x00000648       0x30 ./Generated_Code/PE_LDD.o
 .debug_aranges
                0x00000678       0x80 ./Generated_Code/SM1.o
 .debug_aranges
                0x000006f8       0x38 ./Generated_Code/SMasterLdd1.o
 .debug_aranges
                0x00000730       0x40 ./Generated_Code/WAIT1.o
 .debug_aranges
                0x00000770       0x50 ./Generated_Code/heap_4.o
 .debug_aranges
                0x000007c0       0x40 ./Generated_Code/list.o
 .debug_aranges
                0x00000800       0x98 ./Generated_Code/port.o
 .debug_aranges
                0x00000898       0xd8 ./Generated_Code/queue.o
 .debug_aranges
                0x00000970      0x1a0 ./Generated_Code/tasks.o

.debug_ranges   0x00000000      0x9e0
 .debug_ranges  0x00000000       0x30 ./Static_Code/System/CPU_Init.o
 .debug_ranges  0x00000030      0x330 ./Static_Code/System/Vectors.o
 .debug_ranges  0x00000360       0x60 ./Sources/Events.o
 .debug_ranges  0x000003c0       0xf0 ./Sources/main.o
 .debug_ranges  0x000004b0       0x50 ./Project_Settings/Startup_Code/startup.o
 .debug_ranges  0x00000500       0x30 ./Generated_Code/BitIoLdd1.o
 .debug_ranges  0x00000530       0x30 ./Generated_Code/BitIoLdd2.o
 .debug_ranges  0x00000560       0x18 ./Generated_Code/Cpu.o
 .debug_ranges  0x00000578       0x20 ./Generated_Code/ExtIntLdd1.o
 .debug_ranges  0x00000598       0x10 ./Generated_Code/IRQ1.o
 .debug_ranges  0x000005a8       0x20 ./Generated_Code/PE_LDD.o
 .debug_ranges  0x000005c8       0x70 ./Generated_Code/SM1.o
 .debug_ranges  0x00000638       0x28 ./Generated_Code/SMasterLdd1.o
 .debug_ranges  0x00000660       0x30 ./Generated_Code/WAIT1.o
 .debug_ranges  0x00000690       0x40 ./Generated_Code/heap_4.o
 .debug_ranges  0x000006d0       0x30 ./Generated_Code/list.o
 .debug_ranges  0x00000700       0x88 ./Generated_Code/port.o
 .debug_ranges  0x00000788       0xc8 ./Generated_Code/queue.o
 .debug_ranges  0x00000850      0x190 ./Generated_Code/tasks.o

.debug_macro    0x00000000    0x21c11
 .debug_macro   0x00000000      0x33b ./Static_Code/System/CPU_Init.o
 .debug_macro   0x0000033b      0x86e ./Static_Code/System/CPU_Init.o
 .debug_macro   0x00000ba9       0x22 ./Static_Code/System/CPU_Init.o
 .debug_macro   0x00000bcb       0x44 ./Static_Code/System/CPU_Init.o
 .debug_macro   0x00000c0f       0xe3 ./Static_Code/System/CPU_Init.o
 .debug_macro   0x00000cf2       0x22 ./Static_Code/System/CPU_Init.o
 .debug_macro   0x00000d14      0x1df ./Static_Code/System/CPU_Init.o
 .debug_macro   0x00000ef3     0x178a ./Static_Code/System/CPU_Init.o
 .debug_macro   0x0000267d    0x10f7a ./Static_Code/System/CPU_Init.o
 .debug_macro   0x000135f7      0x47f ./Static_Code/System/CPU_Init.o
 .debug_macro   0x00013a76      0x14e ./Static_Code/System/CPU_Init.o
 .debug_macro   0x00013bc4       0x6a ./Static_Code/System/CPU_Init.o
 .debug_macro   0x00013c2e       0x58 ./Static_Code/System/CPU_Init.o
 .debug_macro   0x00013c86       0x35 ./Static_Code/System/CPU_Init.o
 .debug_macro   0x00013cbb       0x9c ./Static_Code/System/CPU_Init.o
 .debug_macro   0x00013d57       0x16 ./Static_Code/System/CPU_Init.o
 .debug_macro   0x00013d6d      0x166 ./Static_Code/System/CPU_Init.o
 .debug_macro   0x00013ed3       0x52 ./Static_Code/System/CPU_Init.o
 .debug_macro   0x00013f25       0x16 ./Static_Code/System/CPU_Init.o
 .debug_macro   0x00013f3b       0x43 ./Static_Code/System/CPU_Init.o
 .debug_macro   0x00013f7e      0x180 ./Static_Code/System/CPU_Init.o
 .debug_macro   0x000140fe      0x29d ./Static_Code/System/CPU_Init.o
 .debug_macro   0x0001439b       0x10 ./Static_Code/System/CPU_Init.o
 .debug_macro   0x000143ab       0x35 ./Static_Code/System/CPU_Init.o
 .debug_macro   0x000143e0       0x19 ./Static_Code/System/CPU_Init.o
 .debug_macro   0x000143f9      0x2a7 ./Static_Code/System/CPU_Init.o
 .debug_macro   0x000146a0      0x15d ./Static_Code/System/CPU_Init.o
 .debug_macro   0x000147fd       0xce ./Static_Code/System/CPU_Init.o
 .debug_macro   0x000148cb       0x10 ./Static_Code/System/CPU_Init.o
 .debug_macro   0x000148db       0x1f ./Static_Code/System/CPU_Init.o
 .debug_macro   0x000148fa       0xc0 ./Static_Code/System/CPU_Init.o
 .debug_macro   0x000149ba       0x9a ./Static_Code/System/CPU_Init.o
 .debug_macro   0x00014a54      0x361 ./Static_Code/System/CPU_Init.o
 .debug_macro   0x00014db5       0xb0 ./Static_Code/System/CPU_Init.o
 .debug_macro   0x00014e65       0x7f ./Static_Code/System/CPU_Init.o
 .debug_macro   0x00014ee4       0x97 ./Static_Code/System/CPU_Init.o
 .debug_macro   0x00014f7b       0x19 ./Static_Code/System/CPU_Init.o
 .debug_macro   0x00014f94      0x2c7 ./Static_Code/System/CPU_Init.o
 .debug_macro   0x0001525b       0x94 ./Static_Code/System/CPU_Init.o
 .debug_macro   0x000152ef      0x642 ./Static_Code/System/CPU_Init.o
 .debug_macro   0x00015931       0x3c ./Static_Code/System/CPU_Init.o
 .debug_macro   0x0001596d       0x25 ./Static_Code/System/CPU_Init.o
 .debug_macro   0x00015992      0x131 ./Static_Code/System/CPU_Init.o
 .debug_macro   0x00015ac3       0x40 ./Static_Code/System/CPU_Init.o
 .debug_macro   0x00015b03       0x20 ./Static_Code/System/CPU_Init.o
 .debug_macro   0x00015b23       0x46 ./Static_Code/System/CPU_Init.o
 .debug_macro   0x00015b69       0x20 ./Static_Code/System/CPU_Init.o
 .debug_macro   0x00015b89      0x4e9 ./Static_Code/System/CPU_Init.o
 .debug_macro   0x00016072       0x2e ./Static_Code/System/CPU_Init.o
 .debug_macro   0x000160a0       0x3d ./Static_Code/System/CPU_Init.o
 .debug_macro   0x000160dd      0x29c ./Static_Code/System/CPU_Init.o
 .debug_macro   0x00016379      0x329 ./Static_Code/System/Vectors.o
 .debug_macro   0x000166a2      0x439 ./Sources/Events.o
 .debug_macro   0x00016adb      0x61c ./Sources/Events.o
 .debug_macro   0x000170f7      0x626 ./Sources/Events.o
 .debug_macro   0x0001771d      0x327 ./Sources/Events.o
 .debug_macro   0x00017a44      0x1e8 ./Sources/Events.o
 .debug_macro   0x00017c2c      0x109 ./Sources/Events.o
 .debug_macro   0x00017d35      0x17e ./Sources/Events.o
 .debug_macro   0x00017eb3      0x200 ./Sources/Events.o
 .debug_macro   0x000180b3      0x91e ./Sources/Events.o
 .debug_macro   0x000189d1      0x588 ./Sources/Events.o
 .debug_macro   0x00018f59       0x9e ./Sources/Events.o
 .debug_macro   0x00018ff7      0x1f7 ./Sources/Events.o
 .debug_macro   0x000191ee      0x50f ./Sources/Events.o
 .debug_macro   0x000196fd      0x6a6 ./Sources/Events.o
 .debug_macro   0x00019da3      0x297 ./Sources/Events.o
 .debug_macro   0x0001a03a      0x318 ./Sources/Events.o
 .debug_macro   0x0001a352      0x25a ./Sources/Events.o
 .debug_macro   0x0001a5ac      0x13d ./Sources/Events.o
 .debug_macro   0x0001a6e9      0x30b ./Sources/Events.o
 .debug_macro   0x0001a9f4       0xba ./Sources/Events.o
 .debug_macro   0x0001aaae       0xe9 ./Sources/Events.o
 .debug_macro   0x0001ab97      0x191 ./Sources/Events.o
 .debug_macro   0x0001ad28       0xea ./Sources/Events.o
 .debug_macro   0x0001ae12      0x348 ./Sources/Events.o
 .debug_macro   0x0001b15a      0x7d6 ./Sources/Events.o
 .debug_macro   0x0001b930      0x179 ./Sources/Events.o
 .debug_macro   0x0001baa9      0x645 ./Sources/Events.o
 .debug_macro   0x0001c0ee      0x892 ./Sources/Events.o
 .debug_macro   0x0001c980      0x11c ./Sources/Events.o
 .debug_macro   0x0001ca9c       0x81 ./Sources/Events.o
 .debug_macro   0x0001cb1d      0x7bf ./Sources/Events.o
 .debug_macro   0x0001d2dc      0x10f ./Sources/Events.o
 .debug_macro   0x0001d3eb      0x614 ./Sources/Events.o
 .debug_macro   0x0001d9ff      0x181 ./Sources/Events.o
 .debug_macro   0x0001db80      0x4b5 ./Sources/main.o
 .debug_macro   0x0001e035      0x102 ./Project_Settings/Startup_Code/startup.o
 .debug_macro   0x0001e137       0x4a ./Project_Settings/Startup_Code/startup.o
 .debug_macro   0x0001e181       0x16 ./Project_Settings/Startup_Code/startup.o
 .debug_macro   0x0001e197       0x22 ./Project_Settings/Startup_Code/startup.o
 .debug_macro   0x0001e1b9      0x174 ./Generated_Code/BitIoLdd1.o
 .debug_macro   0x0001e32d     0x1784 ./Generated_Code/BitIoLdd1.o
 .debug_macro   0x0001fab1      0x12b ./Generated_Code/BitIoLdd1.o
 .debug_macro   0x0001fbdc      0x174 ./Generated_Code/BitIoLdd2.o
 .debug_macro   0x0001fd50       0x40 ./Generated_Code/BitIoLdd2.o
 .debug_macro   0x0001fd90      0x323 ./Generated_Code/Cpu.o
 .debug_macro   0x000200b3      0x18d ./Generated_Code/ExtIntLdd1.o
 .debug_macro   0x00020240      0x2fc ./Generated_Code/IRQ1.o
 .debug_macro   0x0002053c      0x2d0 ./Generated_Code/PE_LDD.o
 .debug_macro   0x0002080c      0x34a ./Generated_Code/SM1.o
 .debug_macro   0x00020b56      0x193 ./Generated_Code/SMasterLdd1.o
 .debug_macro   0x00020ce9      0x15c ./Generated_Code/WAIT1.o
 .debug_macro   0x00020e45       0x37 ./Generated_Code/WAIT1.o
 .debug_macro   0x00020e7c      0x33b ./Generated_Code/heap_4.o
 .debug_macro   0x000211b7       0x16 ./Generated_Code/heap_4.o
 .debug_macro   0x000211cd      0x180 ./Generated_Code/list.o
 .debug_macro   0x0002134d      0x269 ./Generated_Code/port.o
 .debug_macro   0x000215b6       0xc8 ./Generated_Code/port.o
 .debug_macro   0x0002167e      0x1df ./Generated_Code/queue.o
 .debug_macro   0x0002185d      0x3a4 ./Generated_Code/tasks.o
 .debug_macro   0x00021c01       0x10 ./Generated_Code/tasks.o

.debug_line     0x00000000     0x868a
 .debug_line    0x00000000      0x797 ./Static_Code/System/CPU_Init.o
 .debug_line    0x00000797      0xd46 ./Static_Code/System/Vectors.o
 .debug_line    0x000014dd      0x84d ./Sources/Events.o
 .debug_line    0x00001d2a      0xac1 ./Sources/main.o
 .debug_line    0x000027eb      0x344 ./Project_Settings/Startup_Code/startup.o
 .debug_line    0x00002b2f      0x4f0 ./Generated_Code/BitIoLdd1.o
 .debug_line    0x0000301f      0x4f0 ./Generated_Code/BitIoLdd2.o
 .debug_line    0x0000350f      0x69f ./Generated_Code/Cpu.o
 .debug_line    0x00003bae      0x4eb ./Generated_Code/ExtIntLdd1.o
 .debug_line    0x00004099      0x61c ./Generated_Code/IRQ1.o
 .debug_line    0x000046b5      0x5f1 ./Generated_Code/PE_LDD.o
 .debug_line    0x00004ca6      0x7ef ./Generated_Code/SM1.o
 .debug_line    0x00005495      0x524 ./Generated_Code/SMasterLdd1.o
 .debug_line    0x000059b9      0x476 ./Generated_Code/WAIT1.o
 .debug_line    0x00005e2f      0x76d ./Generated_Code/heap_4.o
 .debug_line    0x0000659c      0x34d ./Generated_Code/list.o
 .debug_line    0x000068e9      0x581 ./Generated_Code/port.o
 .debug_line    0x00006e6a      0x848 ./Generated_Code/queue.o
 .debug_line    0x000076b2      0xfd8 ./Generated_Code/tasks.o

.debug_str      0x00000000    0xedb10
 .debug_str     0x00000000    0x7ea9f ./Static_Code/System/CPU_Init.o
                              0x7ecda (size before relaxing)
 .debug_str     0x0007ea9f      0x98a ./Static_Code/System/Vectors.o
                              0x7f106 (size before relaxing)
 .debug_str     0x0007f429    0x6b040 ./Sources/Events.o
                              0xe8764 (size before relaxing)
 .debug_str     0x000ea469      0x6d9 ./Sources/main.o
                              0xe8daa (size before relaxing)
 .debug_str     0x000eab42      0x1f4 ./Project_Settings/Startup_Code/startup.o
                               0x4dbd (size before relaxing)
 .debug_str     0x000ead36      0x12c ./Generated_Code/BitIoLdd1.o
                              0x6e7f6 (size before relaxing)
 .debug_str     0x000eae62       0xa0 ./Generated_Code/BitIoLdd2.o
                              0x6e7f0 (size before relaxing)
 .debug_str     0x000eaf02       0x28 ./Generated_Code/Cpu.o
                              0x7d749 (size before relaxing)
 .debug_str     0x000eaf2a       0xe4 ./Generated_Code/ExtIntLdd1.o
                              0x71d12 (size before relaxing)
 .debug_str     0x000eb00e       0x30 ./Generated_Code/IRQ1.o
                              0x7d750 (size before relaxing)
 .debug_str     0x000eb03e      0x166 ./Generated_Code/PE_LDD.o
                              0x7d8d1 (size before relaxing)
 .debug_str     0x000eb1a4      0x2ca ./Generated_Code/SM1.o
                              0x7da4e (size before relaxing)
 .debug_str     0x000eb46e      0x278 ./Generated_Code/SMasterLdd1.o
                              0x73816 (size before relaxing)
 .debug_str     0x000eb6e6       0x84 ./Generated_Code/WAIT1.o
                              0x6dac6 (size before relaxing)
 .debug_str     0x000eb76a      0x284 ./Generated_Code/heap_4.o
                              0x7da42 (size before relaxing)
 .debug_str     0x000eb9ee      0x124 ./Generated_Code/list.o
                              0x1030d (size before relaxing)
 .debug_str     0x000ebb12      0xa1a ./Generated_Code/port.o
                              0x6e131 (size before relaxing)
 .debug_str     0x000ec52c      0x634 ./Generated_Code/queue.o
                              0x1139c (size before relaxing)
 .debug_str     0x000ecb60      0xfb0 ./Generated_Code/tasks.o
                              0x7e99d (size before relaxing)

.comment        0x00000000       0x70
 .comment       0x00000000       0x70 ./Static_Code/System/CPU_Init.o
                                 0x71 (size before relaxing)
 .comment       0x00000000       0x71 ./Static_Code/System/Vectors.o
 .comment       0x00000000       0x71 ./Sources/Events.o
 .comment       0x00000000       0x71 ./Sources/main.o
 .comment       0x00000000       0x71 ./Project_Settings/Startup_Code/startup.o
 .comment       0x00000000       0x71 ./Generated_Code/BitIoLdd1.o
 .comment       0x00000000       0x71 ./Generated_Code/BitIoLdd2.o
 .comment       0x00000000       0x71 ./Generated_Code/Cpu.o
 .comment       0x00000000       0x71 ./Generated_Code/ExtIntLdd1.o
 .comment       0x00000000       0x71 ./Generated_Code/IRQ1.o
 .comment       0x00000000       0x71 ./Generated_Code/PE_LDD.o
 .comment       0x00000000       0x71 ./Generated_Code/SM1.o
 .comment       0x00000000       0x71 ./Generated_Code/SMasterLdd1.o
 .comment       0x00000000       0x71 ./Generated_Code/WAIT1.o
 .comment       0x00000000       0x71 ./Generated_Code/heap_4.o
 .comment       0x00000000       0x71 ./Generated_Code/list.o
 .comment       0x00000000       0x71 ./Generated_Code/port.o
 .comment       0x00000000       0x71 ./Generated_Code/queue.o
 .comment       0x00000000       0x71 ./Generated_Code/tasks.o

.debug_frame    0x00000000     0x2d2c
 .debug_frame   0x00000000       0xb8 ./Static_Code/System/CPU_Init.o
 .debug_frame   0x000000b8      0xfd8 ./Static_Code/System/Vectors.o
 .debug_frame   0x00001090      0x164 ./Sources/Events.o
 .debug_frame   0x000011f4      0x404 ./Sources/main.o
 .debug_frame   0x000015f8      0x14c ./Project_Settings/Startup_Code/startup.o
 .debug_frame   0x00001744       0xd8 ./Generated_Code/BitIoLdd1.o
 .debug_frame   0x0000181c       0xd8 ./Generated_Code/BitIoLdd2.o
 .debug_frame   0x000018f4       0x58 ./Generated_Code/Cpu.o
 .debug_frame   0x0000194c       0x90 ./Generated_Code/ExtIntLdd1.o
 .debug_frame   0x000019dc       0x34 ./Generated_Code/IRQ1.o
 .debug_frame   0x00001a10       0x84 ./Generated_Code/PE_LDD.o
 .debug_frame   0x00001a94      0x1f4 ./Generated_Code/SM1.o
 .debug_frame   0x00001c88       0xb0 ./Generated_Code/SMasterLdd1.o
 .debug_frame   0x00001d38       0x9c ./Generated_Code/WAIT1.o
 .debug_frame   0x00001dd4      0x108 ./Generated_Code/heap_4.o
 .debug_frame   0x00001edc       0xd8 ./Generated_Code/list.o
 .debug_frame   0x00001fb4      0x1ec ./Generated_Code/port.o
 .debug_frame   0x000021a0      0x384 ./Generated_Code/queue.o
 .debug_frame   0x00002524      0x6fc ./Generated_Code/tasks.o
 .debug_frame   0x00002c20       0x34 /usr/local/gcc-arm-none-eabi-4_9-2015q3/bin/../lib/gcc/arm-none-eabi/4.9.3/../../../../arm-none-eabi/lib/armv7e-m/fpu/libg.a(lib_a-memset.o)
 .debug_frame   0x00002c54       0x50 /usr/local/gcc-arm-none-eabi-4_9-2015q3/bin/../lib/gcc/arm-none-eabi/4.9.3/../../../../arm-none-eabi/lib/armv7e-m/fpu/libg.a(lib_a-__call_atexit.o)
 .debug_frame   0x00002ca4       0x20 /usr/local/gcc-arm-none-eabi-4_9-2015q3/bin/../lib/gcc/arm-none-eabi/4.9.3/../../../../arm-none-eabi/lib/armv7e-m/fpu/libg.a(lib_a-atexit.o)
 .debug_frame   0x00002cc4       0x34 /usr/local/gcc-arm-none-eabi-4_9-2015q3/bin/../lib/gcc/arm-none-eabi/4.9.3/../../../../arm-none-eabi/lib/armv7e-m/fpu/libg.a(lib_a-fini.o)
 .debug_frame   0x00002cf8       0x34 /usr/local/gcc-arm-none-eabi-4_9-2015q3/bin/../lib/gcc/arm-none-eabi/4.9.3/../../../../arm-none-eabi/lib/armv7e-m/fpu/libg.a(lib_a-__atexit.o)
